Resource Usage Report
Part: lifcl_17-8

Register bits: 8062 of 13824 (58%)
PIC Latch:       0
I/O cells:       20

Details:
BB:             3
BFD1P3KX:       2
CCU2:           1273
DPR16X4:        11
FD1P3IX:        7991
FD1P3JX:        69
GSR:            1
I2CFIFO:        1
IB:             4
IFD1P3IX:       1
IFD1P3JX:       1
INV:            61
LUT4:           9567
MULT18X18:      16
MULT18X36:      2
MULTIBOOT:      1
OBZ:            13
PDPSC16K:       10
PLL:            1
SP16K:          1
SP512K:         4
SPR16X4:        4
VHI:            207
VLO:            207
WIDEFN9:        632

Resource Usage inside macros:
Registers: 0
LUTs: 0
EBRs: 0
LRAMs: 0
DSPs: 0
Distributed RAMs: 0
Carry Chains: 0
Blackboxes: 0

Mapping Summary:
Total number of registers: 8062 + 0 = 8062 of 13824 (58.32%)
Total number of LUTs: 9567 + 0 = 9567 
Total number of EBRs: 11 + 0 = 11 of 24 (45.83%)
Total number of LRAMs: 4 + 0 = 4 of 5 (80.00%)
Total number of DSPs: 18 + 0 = 18 of 24 (75.00%)
Total number of Distributed RAMs: 15 + 0 = 15 
Total number of Carry Chains: 1273 + 0 = 1273 
Total number of BlackBoxes: 418 + 0 = 418 
